%!Adobe-FontList 1.14
%Locale:0x419

%BeginFont
Handler:DirectoryHandler
FontType:Invalid
OutlineFileName:D:\pg\Radio13\www\Font\2fcrYFNaTjcS6g4U3t-Y5ZjZjT5FdEJ140U2DJYC3mY.woff2
FileModTime:1440835036
%EndFont

%BeginFont
Handler:DirectoryHandler
FontType:Invalid
OutlineFileName:D:\pg\Radio13\www\Font\MaterialIcons-Regular.eot
FileModTime:1432788494
%EndFont

%BeginFont
Handler:DirectoryHandler
FontType:TrueType
FontName:MaterialIcons-Regular
FamilyName:Material Icons
StyleName:Regular
FullName:Material Icons
MenuName:Material Icons
StyleBits:0
WritingScript:Roman
OutlineFileName:D:\pg\Radio13\www\Font\MaterialIcons-Regular.ttf
DataFormat:sfntData
FileLength:107780
FileModTime:1432788494
WeightClass:400
WidthClass:5
AngleClass:0
DesignSize:160
%EndFont

%BeginFont
Handler:DirectoryHandler
FontType:Invalid
OutlineFileName:D:\pg\Radio13\www\Font\MaterialIcons-Regular.woff
FileModTime:1432788494
%EndFont

%BeginFont
Handler:DirectoryHandler
FontType:Invalid
OutlineFileName:D:\pg\Radio13\www\Font\MaterialIcons-Regular.woff2
FileModTime:1432788494
%EndFont

%BeginFont
Handler:DirectoryHandler
FontType:TrueType
FontName:Roboto-Light
FamilyName:Roboto
StyleName:Light
FullName:Roboto Light
MenuName:Roboto
StyleBits:0
WritingScript:Roman
OutlineFileName:D:\pg\Radio13\www\Font\Roboto-Light.ttf
DataFormat:sfntData
FileLength:126792
FileModTime:1420971529
WeightClass:300
WidthClass:5
AngleClass:0
%EndFont

%BeginFont
Handler:DirectoryHandler
FontType:TrueType
FontName:Roboto-Regular
FamilyName:Roboto
StyleName:Regular
FullName:Roboto Regular
MenuName:Roboto
StyleBits:0
WritingScript:Roman
OutlineFileName:D:\pg\Radio13\www\Font\Roboto-Regular.ttf
DataFormat:sfntData
FileLength:126072
FileModTime:1420971461
WeightClass:400
WidthClass:5
AngleClass:0
%EndFont

%BeginFont
Handler:DirectoryHandler
FontType:TrueType
FontName:Roboto-Thin
FamilyName:Roboto
StyleName:Thin
FullName:Roboto Thin
MenuName:Roboto
StyleBits:0
WritingScript:Roman
OutlineFileName:D:\pg\Radio13\www\Font\Roboto-Thin.ttf
DataFormat:sfntData
FileLength:127584
FileModTime:1420971455
WeightClass:250
WidthClass:5
AngleClass:0
%EndFont

